------------------------------------------------------------
Timing Analyzer Summary
------------------------------------------------------------

Type  : Slow 1200mV 85C Model Setup 'PLL1|altpll_component|auto_generated|pll1|clk[0]'
Slack : 38.085
TNS   : 0.000

Type  : Slow 1200mV 85C Model Hold 'PLL1|altpll_component|auto_generated|pll1|clk[0]'
Slack : 0.423
TNS   : 0.000

Type  : Slow 1200mV 85C Model Minimum Pulse Width 'clk'
Slack : 9.820
TNS   : 0.000

Type  : Slow 1200mV 85C Model Minimum Pulse Width 'PLL1|altpll_component|auto_generated|pll1|clk[0]'
Slack : 19.743
TNS   : 0.000

Type  : Slow 1200mV 0C Model Setup 'PLL1|altpll_component|auto_generated|pll1|clk[0]'
Slack : 38.227
TNS   : 0.000

Type  : Slow 1200mV 0C Model Hold 'PLL1|altpll_component|auto_generated|pll1|clk[0]'
Slack : 0.342
TNS   : 0.000

Type  : Slow 1200mV 0C Model Minimum Pulse Width 'clk'
Slack : 9.830
TNS   : 0.000

Type  : Slow 1200mV 0C Model Minimum Pulse Width 'PLL1|altpll_component|auto_generated|pll1|clk[0]'
Slack : 19.720
TNS   : 0.000

Type  : Fast 1200mV 0C Model Setup 'PLL1|altpll_component|auto_generated|pll1|clk[0]'
Slack : 39.201
TNS   : 0.000

Type  : Fast 1200mV 0C Model Hold 'PLL1|altpll_component|auto_generated|pll1|clk[0]'
Slack : 0.211
TNS   : 0.000

Type  : Fast 1200mV 0C Model Minimum Pulse Width 'clk'
Slack : 9.530
TNS   : 0.000

Type  : Fast 1200mV 0C Model Minimum Pulse Width 'PLL1|altpll_component|auto_generated|pll1|clk[0]'
Slack : 19.803
TNS   : 0.000

------------------------------------------------------------
